00:00 +0: loading D:/dicoding_story/test/domain/domain_providers_test.dart
00:00 +0: Domain Providers providers should exist and return correct repository types
00:00 +0 -1: Domain Providers providers should exist and return correct repository types [E]
  ProviderException: Tried to use a provider that is in error state.
  
  A provider threw the following exception:
  Instance of 'NotInitializedError'
  
  The stack trace of the exception:
  #0      DotEnv.env (package:flutter_dotenv/src/dotenv.dart:41:7)
  #1      DotEnv.maybeGet (package:flutter_dotenv/src/dotenv.dart:112:56)
  #2      DotEnv.get (package:flutter_dotenv/src/dotenv.dart:52:19)
  #3      appEnvironment (package:dicoding_story/domain/domain_providers.dart:24:22)
  #4      AppEnvironmentProvider.create (package:dicoding_story/domain/domain_providers.g.dart:39:12)
  #5      $ProviderElement.create (package:riverpod/src/providers/provider.dart:343:32)
  #6      ProviderElement.buildState (package:riverpod/src/core/element.dart:665:28)
  #7      ProviderElement.mount (package:riverpod/src/core/element.dart:517:7)
  #8      ProviderElement.flush (package:riverpod/src/core/element.dart:620:7)
  #9      $ProviderBaseImpl._addListener (package:riverpod/src/core/provider/provider.dart:117:24)
  #10     ProviderElement.listen (package:riverpod/src/core/element.dart:901:28)
  #11     Ref.watch (package:riverpod/src/core/ref.dart:639:20)
  #12     authRepository (package:dicoding_story/domain/domain_providers.dart:30:19)
  #13     AuthRepositoryProvider.create (package:dicoding_story/domain/domain_providers.g.dart:80:12)
  #14     $ProviderElement.create (package:riverpod/src/providers/provider.dart:343:32)
  #15     ProviderElement.buildState (package:riverpod/src/core/element.dart:665:28)
  #16     ProviderElement.mount (package:riverpod/src/core/element.dart:517:7)
  #17     ProviderElement.flush (package:riverpod/src/core/element.dart:620:7)
  #18     $ProviderBaseImpl._addListener (package:riverpod/src/core/provider/provider.dart:117:24)
  #19     ProviderContainer.listen (package:riverpod/src/core/provider_container.dart:954:26)
  #20     ProviderContainer.read (package:riverpod/src/core/provider_container.dart:911:17)
  #21     main.<anonymous closure>.<anonymous closure> (file:///D:/dicoding_story/test/domain/domain_providers_test.dart:23:24)
  #22     Declarer.test.<anonymous closure>.<anonymous closure> (package:test_api/src/backend/declarer.dart:242:19)
  <asynchronous suspension>
  #23     Declarer.test.<anonymous closure> (package:test_api/src/backend/declarer.dart:240:7)
  <asynchronous suspension>
  #24     Invoker._waitForOutstandingCallbacks.<anonymous closure> (package:test_api/src/backend/invoker.dart:282:9)
  <asynchronous suspension>
  
  
  And rethrown at:
  #0      throwProviderException (package:riverpod/src/common/stack_trace.dart:10:3)
  #1      $ResultError.valueOrProviderException (package:riverpod/src/common/result.dart:108:7)
  #2      Ref.watch (package:riverpod/src/core/ref.dart:646:27)
  #3      authRepository (package:dicoding_story/domain/domain_providers.dart:30:19)
  #4      AuthRepositoryProvider.create (package:dicoding_story/domain/domain_providers.g.dart:80:12)
  #5      $ProviderElement.create (package:riverpod/src/providers/provider.dart:343:32)
  #6      ProviderElement.buildState (package:riverpod/src/core/element.dart:665:28)
  #7      ProviderElement.mount (package:riverpod/src/core/element.dart:517:7)
  #8      ProviderElement.flush (package:riverpod/src/core/element.dart:620:7)
  #9      $ProviderBaseImpl._addListener (package:riverpod/src/core/provider/provider.dart:117:24)
  #10     ProviderContainer.listen (package:riverpod/src/core/provider_container.dart:954:26)
  #11     ProviderContainer.read (package:riverpod/src/core/provider_container.dart:911:17)
  #12     main.<anonymous closure>.<anonymous closure> (file:///D:/dicoding_story/test/domain/domain_providers_test.dart:23:24)
  #13     Declarer.test.<anonymous closure>.<anonymous closure> (package:test_api/src/backend/declarer.dart:242:19)
  <asynchronous suspension>
  #14     Declarer.test.<anonymous closure> (package:test_api/src/backend/declarer.dart:240:7)
  <asynchronous suspension>
  #15     Invoker._waitForOutstandingCallbacks.<anonymous closure> (package:test_api/src/backend/invoker.dart:282:9)
  <asynchronous suspension>
  
  package:riverpod/src/common/stack_trace.dart 10:3         throwProviderException
  package:riverpod/src/common/result.dart 108:7             $ResultError.valueOrProviderException
  package:riverpod/src/core/provider_container.dart 914:29  ProviderContainer.read
  test\domain\domain_providers_test.dart 23:24              main.<fn>.<fn>
  
00:00 +0 -1: Domain Providers providers should return remote repositories in production
00:00 +1 -1: Some tests failed.
